// Jest Snapshot v1, https://goo.gl/fbAQLP

exports[`BusinessCardSummary Component handles empty website gracefully 1`] = `
<DocumentFragment>
  <h4
    class="MuiTypography-root MuiTypography-h4"
  >
    Heartwork
  </h4>
  <p
    class="MuiTypography-root MuiTypography-body1"
  />
</DocumentFragment>
`;

exports[`BusinessCardSummary Component renders in default state 1`] = `
<DocumentFragment>
  <h4
    class="MuiTypography-root MuiTypography-h4"
  >
    Heartwork
  </h4>
  <p
    class="MuiTypography-root MuiTypography-body1"
  >
    <a
      class="MuiTypography-root MuiLink-root MuiLink-underlineHover MuiTypography-colorPrimary"
      href="https://heartwork.com"
      rel="noopener noreferrer"
      target="_blank"
    >
      Website 
      <svg
        aria-hidden="true"
        class="MuiSvgIcon-root MuiSvgIcon-fontSizeInherit"
        focusable="false"
        viewBox="0 0 24 24"
      >
        <path
          d="M19 19H5V5h7V3H5c-1.11 0-2 .9-2 2v14c0 1.1.89 2 2 2h14c1.1 0 2-.9 2-2v-7h-2v7zM14 3v2h3.59l-9.83 9.83 1.41 1.41L19 6.41V10h2V3h-7z"
        />
      </svg>
    </a>
  </p>
</DocumentFragment>
`;
